Archive member included to satisfy reference by file (symbol)

c:/users/mjzeec/chipwh~1/cw/home/portable/armgcc/bin/../lib/gcc/arm-none-eabi/10.2.1/../../../../arm-none-eabi/lib/thumb/v7e-m/nofp\libg_nano.a(lib_a-errno.o)
                              objdir-CWLITEARM/stm32f3_sysmem.o (__errno)
c:/users/mjzeec/chipwh~1/cw/home/portable/armgcc/bin/../lib/gcc/arm-none-eabi/10.2.1/../../../../arm-none-eabi/lib/thumb/v7e-m/nofp\libg_nano.a(lib_a-exit.o)
                              c:/users/mjzeec/chipwh~1/cw/home/portable/armgcc/bin/../lib/gcc/arm-none-eabi/10.2.1/../../../../arm-none-eabi/lib/thumb/v7e-m/nofp/crt0.o (exit)
c:/users/mjzeec/chipwh~1/cw/home/portable/armgcc/bin/../lib/gcc/arm-none-eabi/10.2.1/../../../../arm-none-eabi/lib/thumb/v7e-m/nofp\libg_nano.a(lib_a-impure.o)
                              c:/users/mjzeec/chipwh~1/cw/home/portable/armgcc/bin/../lib/gcc/arm-none-eabi/10.2.1/../../../../arm-none-eabi/lib/thumb/v7e-m/nofp\libg_nano.a(lib_a-exit.o) (_global_impure_ptr)
c:/users/mjzeec/chipwh~1/cw/home/portable/armgcc/bin/../lib/gcc/arm-none-eabi/10.2.1/../../../../arm-none-eabi/lib/thumb/v7e-m/nofp\libg_nano.a(lib_a-init.o)
                              c:/users/mjzeec/chipwh~1/cw/home/portable/armgcc/bin/../lib/gcc/arm-none-eabi/10.2.1/../../../../arm-none-eabi/lib/thumb/v7e-m/nofp/crt0.o (__libc_init_array)
c:/users/mjzeec/chipwh~1/cw/home/portable/armgcc/bin/../lib/gcc/arm-none-eabi/10.2.1/../../../../arm-none-eabi/lib/thumb/v7e-m/nofp\libg_nano.a(lib_a-memset.o)
                              c:/users/mjzeec/chipwh~1/cw/home/portable/armgcc/bin/../lib/gcc/arm-none-eabi/10.2.1/../../../../arm-none-eabi/lib/thumb/v7e-m/nofp/crt0.o (memset)
c:/users/mjzeec/chipwh~1/cw/home/portable/armgcc/bin/../lib/gcc/arm-none-eabi/10.2.1/../../../../arm-none-eabi/lib/thumb/v7e-m/nofp\libnosys.a(_exit.o)
                              c:/users/mjzeec/chipwh~1/cw/home/portable/armgcc/bin/../lib/gcc/arm-none-eabi/10.2.1/../../../../arm-none-eabi/lib/thumb/v7e-m/nofp\libg_nano.a(lib_a-exit.o) (_exit)

Discarded input sections

 .text          0x00000000        0x0 c:/users/mjzeec/chipwh~1/cw/home/portable/armgcc/bin/../lib/gcc/arm-none-eabi/10.2.1/thumb/v7e-m/nofp/crti.o
 .data          0x00000000        0x0 c:/users/mjzeec/chipwh~1/cw/home/portable/armgcc/bin/../lib/gcc/arm-none-eabi/10.2.1/thumb/v7e-m/nofp/crti.o
 .bss           0x00000000        0x0 c:/users/mjzeec/chipwh~1/cw/home/portable/armgcc/bin/../lib/gcc/arm-none-eabi/10.2.1/thumb/v7e-m/nofp/crti.o
 .data          0x00000000        0x4 c:/users/mjzeec/chipwh~1/cw/home/portable/armgcc/bin/../lib/gcc/arm-none-eabi/10.2.1/thumb/v7e-m/nofp/crtbegin.o
 .rodata        0x00000000       0x24 c:/users/mjzeec/chipwh~1/cw/home/portable/armgcc/bin/../lib/gcc/arm-none-eabi/10.2.1/thumb/v7e-m/nofp/crtbegin.o
 .text          0x00000000       0x7c c:/users/mjzeec/chipwh~1/cw/home/portable/armgcc/bin/../lib/gcc/arm-none-eabi/10.2.1/../../../../arm-none-eabi/lib/thumb/v7e-m/nofp/crt0.o
 .data          0x00000000        0x0 c:/users/mjzeec/chipwh~1/cw/home/portable/armgcc/bin/../lib/gcc/arm-none-eabi/10.2.1/../../../../arm-none-eabi/lib/thumb/v7e-m/nofp/crt0.o
 .bss           0x00000000        0x0 c:/users/mjzeec/chipwh~1/cw/home/portable/armgcc/bin/../lib/gcc/arm-none-eabi/10.2.1/../../../../arm-none-eabi/lib/thumb/v7e-m/nofp/crt0.o
 .ARM.extab     0x00000000        0x0 c:/users/mjzeec/chipwh~1/cw/home/portable/armgcc/bin/../lib/gcc/arm-none-eabi/10.2.1/../../../../arm-none-eabi/lib/thumb/v7e-m/nofp/crt0.o
 .ARM.exidx     0x00000000       0x10 c:/users/mjzeec/chipwh~1/cw/home/portable/armgcc/bin/../lib/gcc/arm-none-eabi/10.2.1/../../../../arm-none-eabi/lib/thumb/v7e-m/nofp/crt0.o
 .ARM.attributes
                0x00000000       0x1c c:/users/mjzeec/chipwh~1/cw/home/portable/armgcc/bin/../lib/gcc/arm-none-eabi/10.2.1/../../../../arm-none-eabi/lib/thumb/v7e-m/nofp/crt0.o
 .text          0x00000000        0x0 objdir-CWLITEARM/simpleserial-aes.o
 .bss           0x00000000        0x0 objdir-CWLITEARM/simpleserial-aes.o
 .text          0x00000000        0x0 objdir-CWLITEARM/simpleserial.o
 .data          0x00000000        0x0 objdir-CWLITEARM/simpleserial.o
 .text.ss_crc   0x00000000       0x2a objdir-CWLITEARM/simpleserial.o
 .text          0x00000000        0x0 objdir-CWLITEARM/stm32f3_hal.o
 .data          0x00000000        0x0 objdir-CWLITEARM/stm32f3_hal.o
 .text.change_err_led
                0x00000000       0x18 objdir-CWLITEARM/stm32f3_hal.o
 .text.change_ok_led
                0x00000000       0x18 objdir-CWLITEARM/stm32f3_hal.o
 .text          0x00000000        0x0 objdir-CWLITEARM/stm32f3_hal_lowlevel.o
 .data          0x00000000        0x4 objdir-CWLITEARM/stm32f3_hal_lowlevel.o
 .text.HAL_NVIC_SetPriority
                0x00000000       0x64 objdir-CWLITEARM/stm32f3_hal_lowlevel.o
 .text.HAL_InitTick
                0x00000000        0xc objdir-CWLITEARM/stm32f3_hal_lowlevel.o
 .text.HAL_IncTick
                0x00000000        0x2 objdir-CWLITEARM/stm32f3_hal_lowlevel.o
 .text.HAL_RCC_GetSysClockFreq
                0x00000000        0x6 objdir-CWLITEARM/stm32f3_hal_lowlevel.o
 .text.HAL_RCC_GetPCLK1Freq
                0x00000000        0x6 objdir-CWLITEARM/stm32f3_hal_lowlevel.o
 .text.HAL_RCC_GetPCLK2Freq
                0x00000000        0x6 objdir-CWLITEARM/stm32f3_hal_lowlevel.o
 .text          0x00000000        0x0 objdir-CWLITEARM/stm32f3_sysmem.o
 .data          0x00000000        0x0 objdir-CWLITEARM/stm32f3_sysmem.o
 .bss           0x00000000        0x4 objdir-CWLITEARM/stm32f3_sysmem.o
 .text._sbrk    0x00000000       0x34 objdir-CWLITEARM/stm32f3_sysmem.o
 .debug_info    0x00000000      0x119 objdir-CWLITEARM/stm32f3_sysmem.o
 .debug_abbrev  0x00000000       0xe1 objdir-CWLITEARM/stm32f3_sysmem.o
 .debug_loc     0x00000000       0x74 objdir-CWLITEARM/stm32f3_sysmem.o
 .debug_aranges
                0x00000000       0x20 objdir-CWLITEARM/stm32f3_sysmem.o
 .debug_ranges  0x00000000       0x10 objdir-CWLITEARM/stm32f3_sysmem.o
 .debug_line    0x00000000      0x109 objdir-CWLITEARM/stm32f3_sysmem.o
 .debug_str     0x00000000      0x221 objdir-CWLITEARM/stm32f3_sysmem.o
 .comment       0x00000000       0x4e objdir-CWLITEARM/stm32f3_sysmem.o
 .debug_frame   0x00000000       0x28 objdir-CWLITEARM/stm32f3_sysmem.o
 .ARM.attributes
                0x00000000       0x2e objdir-CWLITEARM/stm32f3_sysmem.o
 .text          0x00000000        0x0 objdir-CWLITEARM/aes.o
 .text.InvSubBytes
                0x00000000       0x34 objdir-CWLITEARM/aes.o
 .text.InvShiftRows
                0x00000000       0x3c objdir-CWLITEARM/aes.o
 .text.AES128_ECB_encrypt
                0x00000000       0x28 objdir-CWLITEARM/aes.o
 .text.AES128_ECB_decrypt
                0x00000000      0x170 objdir-CWLITEARM/aes.o
 .text          0x00000000        0x0 objdir-CWLITEARM/aes-independant.o
 .data          0x00000000        0x0 objdir-CWLITEARM/aes-independant.o
 .bss           0x00000000       0x10 objdir-CWLITEARM/aes-independant.o
 .text          0x00000000       0x14 objdir-CWLITEARM/stm32f3_startup.o
 .data          0x00000000        0x0 objdir-CWLITEARM/stm32f3_startup.o
 .bss           0x00000000        0x0 objdir-CWLITEARM/stm32f3_startup.o
 .text          0x00000000        0x0 c:/users/mjzeec/chipwh~1/cw/home/portable/armgcc/bin/../lib/gcc/arm-none-eabi/10.2.1/../../../../arm-none-eabi/lib/thumb/v7e-m/nofp\libg_nano.a(lib_a-errno.o)
 .data          0x00000000        0x0 c:/users/mjzeec/chipwh~1/cw/home/portable/armgcc/bin/../lib/gcc/arm-none-eabi/10.2.1/../../../../arm-none-eabi/lib/thumb/v7e-m/nofp\libg_nano.a(lib_a-errno.o)
 .bss           0x00000000        0x0 c:/users/mjzeec/chipwh~1/cw/home/portable/armgcc/bin/../lib/gcc/arm-none-eabi/10.2.1/../../../../arm-none-eabi/lib/thumb/v7e-m/nofp\libg_nano.a(lib_a-errno.o)
 .text.__errno  0x00000000        0xc c:/users/mjzeec/chipwh~1/cw/home/portable/armgcc/bin/../lib/gcc/arm-none-eabi/10.2.1/../../../../arm-none-eabi/lib/thumb/v7e-m/nofp\libg_nano.a(lib_a-errno.o)
 .debug_frame   0x00000000       0x20 c:/users/mjzeec/chipwh~1/cw/home/portable/armgcc/bin/../lib/gcc/arm-none-eabi/10.2.1/../../../../arm-none-eabi/lib/thumb/v7e-m/nofp\libg_nano.a(lib_a-errno.o)
 .ARM.attributes
                0x00000000       0x2e c:/users/mjzeec/chipwh~1/cw/home/portable/armgcc/bin/../lib/gcc/arm-none-eabi/10.2.1/../../../../arm-none-eabi/lib/thumb/v7e-m/nofp\libg_nano.a(lib_a-errno.o)
 .text          0x00000000        0x0 c:/users/mjzeec/chipwh~1/cw/home/portable/armgcc/bin/../lib/gcc/arm-none-eabi/10.2.1/../../../../arm-none-eabi/lib/thumb/v7e-m/nofp\libg_nano.a(lib_a-exit.o)
 .data          0x00000000        0x0 c:/users/mjzeec/chipwh~1/cw/home/portable/armgcc/bin/../lib/gcc/arm-none-eabi/10.2.1/../../../../arm-none-eabi/lib/thumb/v7e-m/nofp\libg_nano.a(lib_a-exit.o)
 .bss           0x00000000        0x0 c:/users/mjzeec/chipwh~1/cw/home/portable/armgcc/bin/../lib/gcc/arm-none-eabi/10.2.1/../../../../arm-none-eabi/lib/thumb/v7e-m/nofp\libg_nano.a(lib_a-exit.o)
 .text.exit     0x00000000       0x28 c:/users/mjzeec/chipwh~1/cw/home/portable/armgcc/bin/../lib/gcc/arm-none-eabi/10.2.1/../../../../arm-none-eabi/lib/thumb/v7e-m/nofp\libg_nano.a(lib_a-exit.o)
 .debug_frame   0x00000000       0x28 c:/users/mjzeec/chipwh~1/cw/home/portable/armgcc/bin/../lib/gcc/arm-none-eabi/10.2.1/../../../../arm-none-eabi/lib/thumb/v7e-m/nofp\libg_nano.a(lib_a-exit.o)
 .ARM.attributes
                0x00000000       0x2e c:/users/mjzeec/chipwh~1/cw/home/portable/armgcc/bin/../lib/gcc/arm-none-eabi/10.2.1/../../../../arm-none-eabi/lib/thumb/v7e-m/nofp\libg_nano.a(lib_a-exit.o)
 .text          0x00000000        0x0 c:/users/mjzeec/chipwh~1/cw/home/portable/armgcc/bin/../lib/gcc/arm-none-eabi/10.2.1/../../../../arm-none-eabi/lib/thumb/v7e-m/nofp\libg_nano.a(lib_a-impure.o)
 .data          0x00000000        0x0 c:/users/mjzeec/chipwh~1/cw/home/portable/armgcc/bin/../lib/gcc/arm-none-eabi/10.2.1/../../../../arm-none-eabi/lib/thumb/v7e-m/nofp\libg_nano.a(lib_a-impure.o)
 .bss           0x00000000        0x0 c:/users/mjzeec/chipwh~1/cw/home/portable/armgcc/bin/../lib/gcc/arm-none-eabi/10.2.1/../../../../arm-none-eabi/lib/thumb/v7e-m/nofp\libg_nano.a(lib_a-impure.o)
 .data._impure_ptr
                0x00000000        0x4 c:/users/mjzeec/chipwh~1/cw/home/portable/armgcc/bin/../lib/gcc/arm-none-eabi/10.2.1/../../../../arm-none-eabi/lib/thumb/v7e-m/nofp\libg_nano.a(lib_a-impure.o)
 .data.impure_data
                0x00000000       0x60 c:/users/mjzeec/chipwh~1/cw/home/portable/armgcc/bin/../lib/gcc/arm-none-eabi/10.2.1/../../../../arm-none-eabi/lib/thumb/v7e-m/nofp\libg_nano.a(lib_a-impure.o)
 .rodata._global_impure_ptr
                0x00000000        0x4 c:/users/mjzeec/chipwh~1/cw/home/portable/armgcc/bin/../lib/gcc/arm-none-eabi/10.2.1/../../../../arm-none-eabi/lib/thumb/v7e-m/nofp\libg_nano.a(lib_a-impure.o)
 .ARM.attributes
                0x00000000       0x2e c:/users/mjzeec/chipwh~1/cw/home/portable/armgcc/bin/../lib/gcc/arm-none-eabi/10.2.1/../../../../arm-none-eabi/lib/thumb/v7e-m/nofp\libg_nano.a(lib_a-impure.o)
 .text          0x00000000        0x0 c:/users/mjzeec/chipwh~1/cw/home/portable/armgcc/bin/../lib/gcc/arm-none-eabi/10.2.1/../../../../arm-none-eabi/lib/thumb/v7e-m/nofp\libg_nano.a(lib_a-init.o)
 .data          0x00000000        0x0 c:/users/mjzeec/chipwh~1/cw/home/portable/armgcc/bin/../lib/gcc/arm-none-eabi/10.2.1/../../../../arm-none-eabi/lib/thumb/v7e-m/nofp\libg_nano.a(lib_a-init.o)
 .bss           0x00000000        0x0 c:/users/mjzeec/chipwh~1/cw/home/portable/armgcc/bin/../lib/gcc/arm-none-eabi/10.2.1/../../../../arm-none-eabi/lib/thumb/v7e-m/nofp\libg_nano.a(lib_a-init.o)
 .text          0x00000000        0x0 c:/users/mjzeec/chipwh~1/cw/home/portable/armgcc/bin/../lib/gcc/arm-none-eabi/10.2.1/../../../../arm-none-eabi/lib/thumb/v7e-m/nofp\libg_nano.a(lib_a-memset.o)
 .data          0x00000000        0x0 c:/users/mjzeec/chipwh~1/cw/home/portable/armgcc/bin/../lib/gcc/arm-none-eabi/10.2.1/../../../../arm-none-eabi/lib/thumb/v7e-m/nofp\libg_nano.a(lib_a-memset.o)
 .bss           0x00000000        0x0 c:/users/mjzeec/chipwh~1/cw/home/portable/armgcc/bin/../lib/gcc/arm-none-eabi/10.2.1/../../../../arm-none-eabi/lib/thumb/v7e-m/nofp\libg_nano.a(lib_a-memset.o)
 .text.memset   0x00000000       0x10 c:/users/mjzeec/chipwh~1/cw/home/portable/armgcc/bin/../lib/gcc/arm-none-eabi/10.2.1/../../../../arm-none-eabi/lib/thumb/v7e-m/nofp\libg_nano.a(lib_a-memset.o)
 .debug_frame   0x00000000       0x20 c:/users/mjzeec/chipwh~1/cw/home/portable/armgcc/bin/../lib/gcc/arm-none-eabi/10.2.1/../../../../arm-none-eabi/lib/thumb/v7e-m/nofp\libg_nano.a(lib_a-memset.o)
 .ARM.attributes
                0x00000000       0x2e c:/users/mjzeec/chipwh~1/cw/home/portable/armgcc/bin/../lib/gcc/arm-none-eabi/10.2.1/../../../../arm-none-eabi/lib/thumb/v7e-m/nofp\libg_nano.a(lib_a-memset.o)
 .text          0x00000000        0x0 c:/users/mjzeec/chipwh~1/cw/home/portable/armgcc/bin/../lib/gcc/arm-none-eabi/10.2.1/../../../../arm-none-eabi/lib/thumb/v7e-m/nofp\libnosys.a(_exit.o)
 .data          0x00000000        0x0 c:/users/mjzeec/chipwh~1/cw/home/portable/armgcc/bin/../lib/gcc/arm-none-eabi/10.2.1/../../../../arm-none-eabi/lib/thumb/v7e-m/nofp\libnosys.a(_exit.o)
 .bss           0x00000000        0x0 c:/users/mjzeec/chipwh~1/cw/home/portable/armgcc/bin/../lib/gcc/arm-none-eabi/10.2.1/../../../../arm-none-eabi/lib/thumb/v7e-m/nofp\libnosys.a(_exit.o)
 .text._exit    0x00000000        0x4 c:/users/mjzeec/chipwh~1/cw/home/portable/armgcc/bin/../lib/gcc/arm-none-eabi/10.2.1/../../../../arm-none-eabi/lib/thumb/v7e-m/nofp\libnosys.a(_exit.o)
 .debug_frame   0x00000000       0x20 c:/users/mjzeec/chipwh~1/cw/home/portable/armgcc/bin/../lib/gcc/arm-none-eabi/10.2.1/../../../../arm-none-eabi/lib/thumb/v7e-m/nofp\libnosys.a(_exit.o)
 .ARM.attributes
                0x00000000       0x2e c:/users/mjzeec/chipwh~1/cw/home/portable/armgcc/bin/../lib/gcc/arm-none-eabi/10.2.1/../../../../arm-none-eabi/lib/thumb/v7e-m/nofp\libnosys.a(_exit.o)
 .text          0x00000000        0x0 c:/users/mjzeec/chipwh~1/cw/home/portable/armgcc/bin/../lib/gcc/arm-none-eabi/10.2.1/thumb/v7e-m/nofp/crtend.o
 .data          0x00000000        0x0 c:/users/mjzeec/chipwh~1/cw/home/portable/armgcc/bin/../lib/gcc/arm-none-eabi/10.2.1/thumb/v7e-m/nofp/crtend.o
 .bss           0x00000000        0x0 c:/users/mjzeec/chipwh~1/cw/home/portable/armgcc/bin/../lib/gcc/arm-none-eabi/10.2.1/thumb/v7e-m/nofp/crtend.o
 .rodata        0x00000000       0x24 c:/users/mjzeec/chipwh~1/cw/home/portable/armgcc/bin/../lib/gcc/arm-none-eabi/10.2.1/thumb/v7e-m/nofp/crtend.o
 .eh_frame      0x00000000        0x4 c:/users/mjzeec/chipwh~1/cw/home/portable/armgcc/bin/../lib/gcc/arm-none-eabi/10.2.1/thumb/v7e-m/nofp/crtend.o
 .ARM.attributes
                0x00000000       0x2e c:/users/mjzeec/chipwh~1/cw/home/portable/armgcc/bin/../lib/gcc/arm-none-eabi/10.2.1/thumb/v7e-m/nofp/crtend.o
 .text          0x00000000        0x0 c:/users/mjzeec/chipwh~1/cw/home/portable/armgcc/bin/../lib/gcc/arm-none-eabi/10.2.1/thumb/v7e-m/nofp/crtn.o
 .data          0x00000000        0x0 c:/users/mjzeec/chipwh~1/cw/home/portable/armgcc/bin/../lib/gcc/arm-none-eabi/10.2.1/thumb/v7e-m/nofp/crtn.o
 .bss           0x00000000        0x0 c:/users/mjzeec/chipwh~1/cw/home/portable/armgcc/bin/../lib/gcc/arm-none-eabi/10.2.1/thumb/v7e-m/nofp/crtn.o

Memory Configuration

Name             Origin             Length             Attributes
RAM              0x20000000         0x0000a000         xrw
ROM              0x08000000         0x00040000         xr
*default*        0x00000000         0xffffffff

Linker script and memory map

LOAD c:/users/mjzeec/chipwh~1/cw/home/portable/armgcc/bin/../lib/gcc/arm-none-eabi/10.2.1/thumb/v7e-m/nofp/crti.o
LOAD c:/users/mjzeec/chipwh~1/cw/home/portable/armgcc/bin/../lib/gcc/arm-none-eabi/10.2.1/thumb/v7e-m/nofp/crtbegin.o
LOAD c:/users/mjzeec/chipwh~1/cw/home/portable/armgcc/bin/../lib/gcc/arm-none-eabi/10.2.1/../../../../arm-none-eabi/lib/thumb/v7e-m/nofp/crt0.o
LOAD objdir-CWLITEARM/simpleserial-aes.o
LOAD objdir-CWLITEARM/simpleserial.o
LOAD objdir-CWLITEARM/stm32f3_hal.o
LOAD objdir-CWLITEARM/stm32f3_hal_lowlevel.o
LOAD objdir-CWLITEARM/stm32f3_sysmem.o
LOAD objdir-CWLITEARM/aes.o
LOAD objdir-CWLITEARM/aes-independant.o
LOAD objdir-CWLITEARM/stm32f3_startup.o
LOAD c:/users/mjzeec/chipwh~1/cw/home/portable/armgcc/bin/../lib/gcc/arm-none-eabi/10.2.1/../../../../arm-none-eabi/lib/thumb/v7e-m/nofp\libm.a
LOAD c:/users/mjzeec/chipwh~1/cw/home/portable/armgcc/bin/../lib/gcc/arm-none-eabi/10.2.1/../../../../arm-none-eabi/lib/thumb/v7e-m/nofp\libm.a
START GROUP
LOAD c:/users/mjzeec/chipwh~1/cw/home/portable/armgcc/bin/../lib/gcc/arm-none-eabi/10.2.1/thumb/v7e-m/nofp\libgcc.a
LOAD c:/users/mjzeec/chipwh~1/cw/home/portable/armgcc/bin/../lib/gcc/arm-none-eabi/10.2.1/../../../../arm-none-eabi/lib/thumb/v7e-m/nofp\libg_nano.a
LOAD c:/users/mjzeec/chipwh~1/cw/home/portable/armgcc/bin/../lib/gcc/arm-none-eabi/10.2.1/../../../../arm-none-eabi/lib/thumb/v7e-m/nofp\libc_nano.a
END GROUP
START GROUP
LOAD c:/users/mjzeec/chipwh~1/cw/home/portable/armgcc/bin/../lib/gcc/arm-none-eabi/10.2.1/thumb/v7e-m/nofp\libgcc.a
LOAD c:/users/mjzeec/chipwh~1/cw/home/portable/armgcc/bin/../lib/gcc/arm-none-eabi/10.2.1/../../../../arm-none-eabi/lib/thumb/v7e-m/nofp\libc_nano.a
LOAD c:/users/mjzeec/chipwh~1/cw/home/portable/armgcc/bin/../lib/gcc/arm-none-eabi/10.2.1/../../../../arm-none-eabi/lib/thumb/v7e-m/nofp\libnosys.a
END GROUP
START GROUP
LOAD c:/users/mjzeec/chipwh~1/cw/home/portable/armgcc/bin/../lib/gcc/arm-none-eabi/10.2.1/thumb/v7e-m/nofp\libgcc.a
LOAD c:/users/mjzeec/chipwh~1/cw/home/portable/armgcc/bin/../lib/gcc/arm-none-eabi/10.2.1/../../../../arm-none-eabi/lib/thumb/v7e-m/nofp\libc_nano.a
LOAD c:/users/mjzeec/chipwh~1/cw/home/portable/armgcc/bin/../lib/gcc/arm-none-eabi/10.2.1/../../../../arm-none-eabi/lib/thumb/v7e-m/nofp\libnosys.a
END GROUP
LOAD c:/users/mjzeec/chipwh~1/cw/home/portable/armgcc/bin/../lib/gcc/arm-none-eabi/10.2.1/thumb/v7e-m/nofp/crtend.o
LOAD c:/users/mjzeec/chipwh~1/cw/home/portable/armgcc/bin/../lib/gcc/arm-none-eabi/10.2.1/thumb/v7e-m/nofp/crtn.o
                0x20003000                _estack = 0x20003000
                0x00000000                _Min_Heap_Size = 0x0
                0x00000400                _Min_Stack_Size = 0x400

.isr_vector     0x08000000      0x188
                0x08000000                . = ALIGN (0x4)
 *(.isr_vector)
 .isr_vector    0x08000000      0x188 objdir-CWLITEARM/stm32f3_startup.o
                0x08000000                g_pfnVectors
                0x08000188                . = ALIGN (0x4)

.text           0x08000188     0x14a4
                0x08000188                . = ALIGN (0x4)
 *(.text)
 .text          0x08000188       0x40 c:/users/mjzeec/chipwh~1/cw/home/portable/armgcc/bin/../lib/gcc/arm-none-eabi/10.2.1/thumb/v7e-m/nofp/crtbegin.o
 *(.text*)
 .text.reset    0x080001c8        0x4 objdir-CWLITEARM/simpleserial-aes.o
                0x080001c8                reset
 .text.enc_multi_setnum
                0x080001cc       0x10 objdir-CWLITEARM/simpleserial-aes.o
                0x080001cc                enc_multi_setnum
 .text.get_mask
                0x080001dc        0xa objdir-CWLITEARM/simpleserial-aes.o
                0x080001dc                get_mask
 .text.get_key  0x080001e6        0xa objdir-CWLITEARM/simpleserial-aes.o
                0x080001e6                get_key
 .text.get_pt   0x080001f0       0x2a objdir-CWLITEARM/simpleserial-aes.o
                0x080001f0                get_pt
 *fill*         0x0800021a        0x2 
 .text.enc_multi_getpt
                0x0800021c       0x3c objdir-CWLITEARM/simpleserial-aes.o
                0x0800021c                enc_multi_getpt
 .text.startup.main
                0x08000258       0x98 objdir-CWLITEARM/simpleserial-aes.o
                0x08000258                main
 .text.check_version
                0x080002f0        0x4 objdir-CWLITEARM/simpleserial.o
                0x080002f0                check_version
 .text.hex_decode
                0x080002f4       0x78 objdir-CWLITEARM/simpleserial.o
                0x080002f4                hex_decode
 .text.simpleserial_addcmd_flags
                0x0800036c       0x2c objdir-CWLITEARM/simpleserial.o
                0x0800036c                simpleserial_addcmd_flags
 .text.simpleserial_addcmd
                0x08000398        0x6 objdir-CWLITEARM/simpleserial.o
                0x08000398                simpleserial_addcmd
 *fill*         0x0800039e        0x2 
 .text.simpleserial_init
                0x080003a0       0x2c objdir-CWLITEARM/simpleserial.o
                0x080003a0                simpleserial_init
 .text.simpleserial_put
                0x080003cc       0x40 objdir-CWLITEARM/simpleserial.o
                0x080003cc                simpleserial_put
 .text.ss_num_commands
                0x0800040c       0x24 objdir-CWLITEARM/simpleserial.o
                0x0800040c                ss_num_commands
 .text.ss_get_commands
                0x08000430       0x50 objdir-CWLITEARM/simpleserial.o
                0x08000430                ss_get_commands
 .text.simpleserial_get
                0x08000480       0xc8 objdir-CWLITEARM/simpleserial.o
                0x08000480                simpleserial_get
 .text.platform_init
                0x08000548       0x80 objdir-CWLITEARM/stm32f3_hal.o
                0x08000548                platform_init
 .text.init_uart
                0x080005c8       0x7c objdir-CWLITEARM/stm32f3_hal.o
                0x080005c8                init_uart
 .text.trigger_setup
                0x08000644       0x48 objdir-CWLITEARM/stm32f3_hal.o
                0x08000644                trigger_setup
 .text.trigger_high
                0x0800068c        0xe objdir-CWLITEARM/stm32f3_hal.o
                0x0800068c                trigger_high
 .text.trigger_low
                0x0800069a        0xe objdir-CWLITEARM/stm32f3_hal.o
                0x0800069a                trigger_low
 .text.getch    0x080006a8       0x34 objdir-CWLITEARM/stm32f3_hal.o
                0x080006a8                getch
 .text.putch    0x080006dc       0x20 objdir-CWLITEARM/stm32f3_hal.o
                0x080006dc                putch
 .text.HAL_GetTick
                0x080006fc       0x10 objdir-CWLITEARM/stm32f3_hal_lowlevel.o
                0x080006fc                HAL_GetTick
 .text.HAL_RCC_OscConfig
                0x0800070c      0x4dc objdir-CWLITEARM/stm32f3_hal_lowlevel.o
                0x0800070c                HAL_RCC_OscConfig
 .text.HAL_RCC_ClockConfig
                0x08000be8      0x14c objdir-CWLITEARM/stm32f3_hal_lowlevel.o
                0x08000be8                HAL_RCC_ClockConfig
 .text.HAL_GPIO_Init
                0x08000d34      0x188 objdir-CWLITEARM/stm32f3_hal_lowlevel.o
                0x08000d34                HAL_GPIO_Init
 .text.HAL_GPIO_WritePin
                0x08000ebc        0xa objdir-CWLITEARM/stm32f3_hal_lowlevel.o
                0x08000ebc                HAL_GPIO_WritePin
 *fill*         0x08000ec6        0x2 
 .text.UART_SetConfig
                0x08000ec8      0x1e0 objdir-CWLITEARM/stm32f3_hal_lowlevel.o
                0x08000ec8                UART_SetConfig
 .text.UART_WaitOnFlagUntilTimeout
                0x080010a8       0x58 objdir-CWLITEARM/stm32f3_hal_lowlevel.o
                0x080010a8                UART_WaitOnFlagUntilTimeout
 .text.UART_CheckIdleState
                0x08001100       0x64 objdir-CWLITEARM/stm32f3_hal_lowlevel.o
                0x08001100                UART_CheckIdleState
 .text.HAL_UART_Init
                0x08001164       0x56 objdir-CWLITEARM/stm32f3_hal_lowlevel.o
                0x08001164                HAL_UART_Init
 .text.HAL_UART_Transmit
                0x080011ba       0xac objdir-CWLITEARM/stm32f3_hal_lowlevel.o
                0x080011ba                HAL_UART_Transmit
 .text.HAL_UART_Receive
                0x08001266       0xd6 objdir-CWLITEARM/stm32f3_hal_lowlevel.o
                0x08001266                HAL_UART_Receive
 .text.KeyExpansion
                0x0800133c       0xac objdir-CWLITEARM/aes.o
 .text.AddRoundKey
                0x080013e8       0x34 objdir-CWLITEARM/aes.o
 .text.SubBytes
                0x0800141c       0x30 objdir-CWLITEARM/aes.o
 .text.ShiftRows
                0x0800144c       0x3c objdir-CWLITEARM/aes.o
 .text.xtime    0x08001488       0x12 objdir-CWLITEARM/aes.o
 *fill*         0x0800149a        0x2 
 .text.Cipher   0x0800149c       0x98 objdir-CWLITEARM/aes.o
 .text.BlockCopy
                0x08001534       0x14 objdir-CWLITEARM/aes.o
 .text.AES128_ECB_indp_setkey
                0x08001548        0xc objdir-CWLITEARM/aes.o
                0x08001548                AES128_ECB_indp_setkey
 .text.AES128_ECB_indp_crypto
                0x08001554       0x1c objdir-CWLITEARM/aes.o
                0x08001554                AES128_ECB_indp_crypto
 .text.aes_indep_init
                0x08001570        0x2 objdir-CWLITEARM/aes-independant.o
                0x08001570                aes_indep_init
 .text.aes_indep_key
                0x08001572        0x4 objdir-CWLITEARM/aes-independant.o
                0x08001572                aes_indep_key
 .text.aes_indep_enc
                0x08001576        0x4 objdir-CWLITEARM/aes-independant.o
                0x08001576                aes_indep_enc
 .text.aes_indep_enc_pretrigger
                0x0800157a        0x2 objdir-CWLITEARM/aes-independant.o
                0x0800157a                aes_indep_enc_pretrigger
 .text.aes_indep_enc_posttrigger
                0x0800157c        0x2 objdir-CWLITEARM/aes-independant.o
                0x0800157c                aes_indep_enc_posttrigger
 .text.aes_indep_mask
                0x0800157e        0x2 objdir-CWLITEARM/aes-independant.o
                0x0800157e                aes_indep_mask
 .text.Reset_Handler
                0x08001580       0x48 objdir-CWLITEARM/stm32f3_startup.o
                0x08001580                Reset_Handler
 .text.Default_Handler
                0x080015c8        0x2 objdir-CWLITEARM/stm32f3_startup.o
                0x080015c8                DebugMon_Handler
                0x080015c8                HardFault_Handler
                0x080015c8                SysTick_Handler
                0x080015c8                PendSV_Handler
                0x080015c8                NMI_Handler
                0x080015c8                UsageFault_Handler
                0x080015c8                Default_Handler
                0x080015c8                MemManage_Handler
                0x080015c8                SVC_Handler
                0x080015c8                BusFault_Handler
 *fill*         0x080015ca        0x2 
 .text.__libc_init_array
                0x080015cc       0x48 c:/users/mjzeec/chipwh~1/cw/home/portable/armgcc/bin/../lib/gcc/arm-none-eabi/10.2.1/../../../../arm-none-eabi/lib/thumb/v7e-m/nofp\libg_nano.a(lib_a-init.o)
                0x080015cc                __libc_init_array
 *(.glue_7)
 .glue_7        0x08001614        0x0 linker stubs
 *(.glue_7t)
 .glue_7t       0x08001614        0x0 linker stubs
 *(.eh_frame)
 .eh_frame      0x08001614        0x0 c:/users/mjzeec/chipwh~1/cw/home/portable/armgcc/bin/../lib/gcc/arm-none-eabi/10.2.1/thumb/v7e-m/nofp/crtbegin.o
 *(.init)
 .init          0x08001614        0x4 c:/users/mjzeec/chipwh~1/cw/home/portable/armgcc/bin/../lib/gcc/arm-none-eabi/10.2.1/thumb/v7e-m/nofp/crti.o
                0x08001614                _init
 .init          0x08001618        0x8 c:/users/mjzeec/chipwh~1/cw/home/portable/armgcc/bin/../lib/gcc/arm-none-eabi/10.2.1/thumb/v7e-m/nofp/crtn.o
 *(.fini)
 .fini          0x08001620        0x4 c:/users/mjzeec/chipwh~1/cw/home/portable/armgcc/bin/../lib/gcc/arm-none-eabi/10.2.1/thumb/v7e-m/nofp/crti.o
                0x08001620                _fini
 .fini          0x08001624        0x8 c:/users/mjzeec/chipwh~1/cw/home/portable/armgcc/bin/../lib/gcc/arm-none-eabi/10.2.1/thumb/v7e-m/nofp/crtn.o
                0x0800162c                . = ALIGN (0x4)
                0x0800162c                _etext = .

.vfp11_veneer   0x0800162c        0x0
 .vfp11_veneer  0x0800162c        0x0 linker stubs

.v4_bx          0x0800162c        0x0
 .v4_bx         0x0800162c        0x0 linker stubs

.iplt           0x0800162c        0x0
 .iplt          0x0800162c        0x0 c:/users/mjzeec/chipwh~1/cw/home/portable/armgcc/bin/../lib/gcc/arm-none-eabi/10.2.1/thumb/v7e-m/nofp/crtbegin.o

.rodata         0x0800162c       0x24
                0x0800162c                . = ALIGN (0x4)
 *(.rodata)
 .rodata        0x0800162c       0x10 objdir-CWLITEARM/simpleserial.o
 .rodata        0x0800163c        0x3 objdir-CWLITEARM/stm32f3_hal_lowlevel.o
 *(.rodata*)
 .rodata.str1.1
                0x0800163f       0x11 objdir-CWLITEARM/simpleserial-aes.o
                0x08001650                . = ALIGN (0x4)

.rel.dyn        0x08001650        0x0
 .rel.iplt      0x08001650        0x0 c:/users/mjzeec/chipwh~1/cw/home/portable/armgcc/bin/../lib/gcc/arm-none-eabi/10.2.1/thumb/v7e-m/nofp/crtbegin.o

.ARM.extab      0x08001650        0x0
                0x08001650                . = ALIGN (0x4)
 *(.ARM.extab* .gnu.linkonce.armextab.*)
                0x08001650                . = ALIGN (0x4)

.ARM            0x08001650        0x0
                0x08001650                . = ALIGN (0x4)
                0x08001650                __exidx_start = .
 *(.ARM.exidx*)
                0x08001650                __exidx_end = .
                0x08001650                . = ALIGN (0x4)

.preinit_array  0x08001650        0x0
                0x08001650                . = ALIGN (0x4)
                0x08001650                PROVIDE (__preinit_array_start = .)
 *(.preinit_array*)
                0x08001650                PROVIDE (__preinit_array_end = .)
                0x08001650                . = ALIGN (0x4)

.init_array     0x08001650        0x4
                0x08001650                . = ALIGN (0x4)
                0x08001650                PROVIDE (__init_array_start = .)
 *(SORT_BY_NAME(.init_array.*))
 *(.init_array*)
 .init_array    0x08001650        0x4 c:/users/mjzeec/chipwh~1/cw/home/portable/armgcc/bin/../lib/gcc/arm-none-eabi/10.2.1/thumb/v7e-m/nofp/crtbegin.o
                0x08001654                PROVIDE (__init_array_end = .)
                0x08001654                . = ALIGN (0x4)

.fini_array     0x08001654        0x4
                0x08001654                . = ALIGN (0x4)
                [!provide]                PROVIDE (__fini_array_start = .)
 *(SORT_BY_NAME(.fini_array.*))
 *(.fini_array*)
 .fini_array    0x08001654        0x4 c:/users/mjzeec/chipwh~1/cw/home/portable/armgcc/bin/../lib/gcc/arm-none-eabi/10.2.1/thumb/v7e-m/nofp/crtbegin.o
                [!provide]                PROVIDE (__fini_array_end = .)
                0x08001658                . = ALIGN (0x4)
                0x08001658                _sidata = LOADADDR (.data)

.data           0x20000000      0x210 load address 0x08001658
                0x20000000                . = ALIGN (0x4)
                0x20000000                _sdata = .
 *(.data)
 .data          0x20000000        0x2 objdir-CWLITEARM/simpleserial-aes.o
 .data          0x20000002      0x20b objdir-CWLITEARM/aes.o
                0x20000002                sbox
                0x20000102                Rcon
                0x2000010d                rsbox
 *(.data*)
                0x20000210                . = ALIGN (0x4)
 *fill*         0x2000020d        0x3 
                0x20000210                _edata = .

.igot.plt       0x20000210        0x0 load address 0x08001868
 .igot.plt      0x20000210        0x0 c:/users/mjzeec/chipwh~1/cw/home/portable/armgcc/bin/../lib/gcc/arm-none-eabi/10.2.1/thumb/v7e-m/nofp/crtbegin.o
                0x20000210                . = ALIGN (0x4)

.bss            0x20000210      0x260 load address 0x08001868
                0x20000210                _sbss = .
                0x20000210                __bss_start__ = _sbss
 *(.bss)
 .bss           0x20000210       0x1c c:/users/mjzeec/chipwh~1/cw/home/portable/armgcc/bin/../lib/gcc/arm-none-eabi/10.2.1/thumb/v7e-m/nofp/crtbegin.o
 .bss           0x2000022c      0x104 objdir-CWLITEARM/simpleserial.o
 .bss           0x20000330       0x70 objdir-CWLITEARM/stm32f3_hal.o
                0x20000330                UartHandle
 .bss           0x200003a0        0x8 objdir-CWLITEARM/stm32f3_hal_lowlevel.o
                0x200003a0                hal_sys_tick
                0x200003a4                uwTick
 .bss           0x200003a8       0xc8 objdir-CWLITEARM/aes.o
 *(.bss*)
 *(COMMON)
                0x20000470                . = ALIGN (0x4)
                0x20000470                _ebss = .
                0x20000470                __bss_end__ = _ebss

._user_heap_stack
                0x20000470      0x400 load address 0x08001868
                0x20000470                . = ALIGN (0x8)
                0x20000470                PROVIDE (end = .)
                [!provide]                PROVIDE (_end = .)
                0x20000470                . = (. + _Min_Heap_Size)
                0x20000870                . = (. + _Min_Stack_Size)
 *fill*         0x20000470      0x400 
                0x20000870                . = ALIGN (0x8)

/DISCARD/
 libc.a(*)
 libm.a(*)
 libgcc.a(*)

.ARM.attributes
                0x00000000       0x2a
 *(.ARM.attributes)
 .ARM.attributes
                0x00000000       0x1e c:/users/mjzeec/chipwh~1/cw/home/portable/armgcc/bin/../lib/gcc/arm-none-eabi/10.2.1/thumb/v7e-m/nofp/crti.o
 .ARM.attributes
                0x0000001e       0x2e c:/users/mjzeec/chipwh~1/cw/home/portable/armgcc/bin/../lib/gcc/arm-none-eabi/10.2.1/thumb/v7e-m/nofp/crtbegin.o
 .ARM.attributes
                0x0000004c       0x2e objdir-CWLITEARM/simpleserial-aes.o
 .ARM.attributes
                0x0000007a       0x2e objdir-CWLITEARM/simpleserial.o
 .ARM.attributes
                0x000000a8       0x2e objdir-CWLITEARM/stm32f3_hal.o
 .ARM.attributes
                0x000000d6       0x2e objdir-CWLITEARM/stm32f3_hal_lowlevel.o
 .ARM.attributes
                0x00000104       0x2e objdir-CWLITEARM/aes.o
 .ARM.attributes
                0x00000132       0x2e objdir-CWLITEARM/aes-independant.o
 .ARM.attributes
                0x00000160       0x21 objdir-CWLITEARM/stm32f3_startup.o
 .ARM.attributes
                0x00000181       0x2e c:/users/mjzeec/chipwh~1/cw/home/portable/armgcc/bin/../lib/gcc/arm-none-eabi/10.2.1/../../../../arm-none-eabi/lib/thumb/v7e-m/nofp\libg_nano.a(lib_a-init.o)
 .ARM.attributes
                0x000001af       0x1e c:/users/mjzeec/chipwh~1/cw/home/portable/armgcc/bin/../lib/gcc/arm-none-eabi/10.2.1/thumb/v7e-m/nofp/crtn.o
OUTPUT(simpleserial-aes-CWLITEARM.elf elf32-littlearm)
LOAD linker stubs
LOAD c:/users/mjzeec/chipwh~1/cw/home/portable/armgcc/bin/../lib/gcc/arm-none-eabi/10.2.1/../../../../arm-none-eabi/lib/thumb/v7e-m/nofp\libc.a
LOAD c:/users/mjzeec/chipwh~1/cw/home/portable/armgcc/bin/../lib/gcc/arm-none-eabi/10.2.1/../../../../arm-none-eabi/lib/thumb/v7e-m/nofp\libm.a
LOAD c:/users/mjzeec/chipwh~1/cw/home/portable/armgcc/bin/../lib/gcc/arm-none-eabi/10.2.1/thumb/v7e-m/nofp\libgcc.a

.debug_info     0x00000000     0x4d80
 .debug_info    0x00000000      0x5a1 objdir-CWLITEARM/simpleserial-aes.o
 .debug_info    0x000005a1      0x7a0 objdir-CWLITEARM/simpleserial.o
 .debug_info    0x00000d41      0xe88 objdir-CWLITEARM/stm32f3_hal.o
 .debug_info    0x00001bc9     0x25bf objdir-CWLITEARM/stm32f3_hal_lowlevel.o
 .debug_info    0x00004188      0xa0d objdir-CWLITEARM/aes.o
 .debug_info    0x00004b95      0x1eb objdir-CWLITEARM/aes-independant.o

.debug_abbrev   0x00000000      0xee8
 .debug_abbrev  0x00000000      0x139 objdir-CWLITEARM/simpleserial-aes.o
 .debug_abbrev  0x00000139      0x28d objdir-CWLITEARM/simpleserial.o
 .debug_abbrev  0x000003c6      0x225 objdir-CWLITEARM/stm32f3_hal.o
 .debug_abbrev  0x000005eb      0x4af objdir-CWLITEARM/stm32f3_hal_lowlevel.o
 .debug_abbrev  0x00000a9a      0x30a objdir-CWLITEARM/aes.o
 .debug_abbrev  0x00000da4      0x144 objdir-CWLITEARM/aes-independant.o

.debug_loc      0x00000000     0x2921
 .debug_loc     0x00000000      0x24b objdir-CWLITEARM/simpleserial-aes.o
 .debug_loc     0x0000024b      0x60e objdir-CWLITEARM/simpleserial.o
 .debug_loc     0x00000859      0x1a4 objdir-CWLITEARM/stm32f3_hal.o
 .debug_loc     0x000009fd     0x1671 objdir-CWLITEARM/stm32f3_hal_lowlevel.o
 .debug_loc     0x0000206e      0x869 objdir-CWLITEARM/aes.o
 .debug_loc     0x000028d7       0x4a objdir-CWLITEARM/aes-independant.o

.debug_aranges  0x00000000      0x268
 .debug_aranges
                0x00000000       0x50 objdir-CWLITEARM/simpleserial-aes.o
 .debug_aranges
                0x00000050       0x68 objdir-CWLITEARM/simpleserial.o
 .debug_aranges
                0x000000b8       0x60 objdir-CWLITEARM/stm32f3_hal.o
 .debug_aranges
                0x00000118       0x90 objdir-CWLITEARM/stm32f3_hal_lowlevel.o
 .debug_aranges
                0x000001a8       0x80 objdir-CWLITEARM/aes.o
 .debug_aranges
                0x00000228       0x40 objdir-CWLITEARM/aes-independant.o

.debug_ranges   0x00000000      0x578
 .debug_ranges  0x00000000       0x58 objdir-CWLITEARM/simpleserial-aes.o
 .debug_ranges  0x00000058      0x100 objdir-CWLITEARM/simpleserial.o
 .debug_ranges  0x00000158       0xb0 objdir-CWLITEARM/stm32f3_hal.o
 .debug_ranges  0x00000208      0x200 objdir-CWLITEARM/stm32f3_hal_lowlevel.o
 .debug_ranges  0x00000408      0x140 objdir-CWLITEARM/aes.o
 .debug_ranges  0x00000548       0x30 objdir-CWLITEARM/aes-independant.o

.debug_line     0x00000000     0x2d70
 .debug_line    0x00000000      0x2d2 objdir-CWLITEARM/simpleserial-aes.o
 .debug_line    0x000002d2      0x5aa objdir-CWLITEARM/simpleserial.o
 .debug_line    0x0000087c      0x3c9 objdir-CWLITEARM/stm32f3_hal.o
 .debug_line    0x00000c45     0x172d objdir-CWLITEARM/stm32f3_hal_lowlevel.o
 .debug_line    0x00002372      0x873 objdir-CWLITEARM/aes.o
 .debug_line    0x00002be5      0x18b objdir-CWLITEARM/aes-independant.o

.debug_str      0x00000000     0x14d9
 .debug_str     0x00000000      0x31a objdir-CWLITEARM/simpleserial-aes.o
                                0x364 (size before relaxing)
 .debug_str     0x0000031a       0xcc objdir-CWLITEARM/simpleserial.o
                                0x31f (size before relaxing)
 .debug_str     0x000003e6      0x6f0 objdir-CWLITEARM/stm32f3_hal.o
                                0x963 (size before relaxing)
 .debug_str     0x00000ad6      0x8bf objdir-CWLITEARM/stm32f3_hal_lowlevel.o
                               0x11c8 (size before relaxing)
 .debug_str     0x00001395      0x11f objdir-CWLITEARM/aes.o
                                0x347 (size before relaxing)
 .debug_str     0x000014b4       0x25 objdir-CWLITEARM/aes-independant.o
                                0x290 (size before relaxing)

.comment        0x00000000       0x4d
 .comment       0x00000000       0x4d objdir-CWLITEARM/simpleserial-aes.o
                                 0x4e (size before relaxing)
 .comment       0x0000004d       0x4e objdir-CWLITEARM/simpleserial.o
 .comment       0x0000004d       0x4e objdir-CWLITEARM/stm32f3_hal.o
 .comment       0x0000004d       0x4e objdir-CWLITEARM/stm32f3_hal_lowlevel.o
 .comment       0x0000004d       0x4e objdir-CWLITEARM/aes.o
 .comment       0x0000004d       0x4e objdir-CWLITEARM/aes-independant.o

.debug_frame    0x00000000      0x6b4
 .debug_frame   0x00000000       0xac objdir-CWLITEARM/simpleserial-aes.o
 .debug_frame   0x000000ac      0x12c objdir-CWLITEARM/simpleserial.o
 .debug_frame   0x000001d8       0xec objdir-CWLITEARM/stm32f3_hal.o
 .debug_frame   0x000002c4      0x1d4 objdir-CWLITEARM/stm32f3_hal_lowlevel.o
 .debug_frame   0x00000498      0x180 objdir-CWLITEARM/aes.o
 .debug_frame   0x00000618       0x70 objdir-CWLITEARM/aes-independant.o
 .debug_frame   0x00000688       0x2c c:/users/mjzeec/chipwh~1/cw/home/portable/armgcc/bin/../lib/gcc/arm-none-eabi/10.2.1/../../../../arm-none-eabi/lib/thumb/v7e-m/nofp\libg_nano.a(lib_a-init.o)

.stab           0x00000000      0x144
 .stab          0x00000000      0x144 objdir-CWLITEARM/stm32f3_startup.o

.stabstr        0x00000000       0x52
 .stabstr       0x00000000       0x52 objdir-CWLITEARM/stm32f3_startup.o

Cross Reference Table

Symbol                                            File
AES128_ECB_decrypt                                objdir-CWLITEARM/aes.o
AES128_ECB_encrypt                                objdir-CWLITEARM/aes.o
AES128_ECB_indp_crypto                            objdir-CWLITEARM/aes.o
                                                  objdir-CWLITEARM/aes-independant.o
AES128_ECB_indp_setkey                            objdir-CWLITEARM/aes.o
                                                  objdir-CWLITEARM/aes-independant.o
BusFault_Handler                                  objdir-CWLITEARM/stm32f3_startup.o
DebugMon_Handler                                  objdir-CWLITEARM/stm32f3_startup.o
Default_Handler                                   objdir-CWLITEARM/stm32f3_startup.o
HAL_GPIO_Init                                     objdir-CWLITEARM/stm32f3_hal_lowlevel.o
                                                  objdir-CWLITEARM/stm32f3_hal.o
HAL_GPIO_WritePin                                 objdir-CWLITEARM/stm32f3_hal_lowlevel.o
                                                  objdir-CWLITEARM/stm32f3_hal.o
HAL_GetTick                                       objdir-CWLITEARM/stm32f3_hal_lowlevel.o
HAL_IncTick                                       objdir-CWLITEARM/stm32f3_hal_lowlevel.o
HAL_InitTick                                      objdir-CWLITEARM/stm32f3_hal_lowlevel.o
HAL_NVIC_SetPriority                              objdir-CWLITEARM/stm32f3_hal_lowlevel.o
HAL_RCC_ClockConfig                               objdir-CWLITEARM/stm32f3_hal_lowlevel.o
                                                  objdir-CWLITEARM/stm32f3_hal.o
HAL_RCC_GetPCLK1Freq                              objdir-CWLITEARM/stm32f3_hal_lowlevel.o
HAL_RCC_GetPCLK2Freq                              objdir-CWLITEARM/stm32f3_hal_lowlevel.o
HAL_RCC_GetSysClockFreq                           objdir-CWLITEARM/stm32f3_hal_lowlevel.o
HAL_RCC_OscConfig                                 objdir-CWLITEARM/stm32f3_hal_lowlevel.o
                                                  objdir-CWLITEARM/stm32f3_hal.o
HAL_UART_Init                                     objdir-CWLITEARM/stm32f3_hal_lowlevel.o
                                                  objdir-CWLITEARM/stm32f3_hal.o
HAL_UART_Receive                                  objdir-CWLITEARM/stm32f3_hal_lowlevel.o
                                                  objdir-CWLITEARM/stm32f3_hal.o
HAL_UART_Transmit                                 objdir-CWLITEARM/stm32f3_hal_lowlevel.o
                                                  objdir-CWLITEARM/stm32f3_hal.o
HardFault_Handler                                 objdir-CWLITEARM/stm32f3_startup.o
MemManage_Handler                                 objdir-CWLITEARM/stm32f3_startup.o
NMI_Handler                                       objdir-CWLITEARM/stm32f3_startup.o
PendSV_Handler                                    objdir-CWLITEARM/stm32f3_startup.o
Rcon                                              objdir-CWLITEARM/aes.o
Reset_Handler                                     objdir-CWLITEARM/stm32f3_startup.o
SVC_Handler                                       objdir-CWLITEARM/stm32f3_startup.o
SysTick_Handler                                   objdir-CWLITEARM/stm32f3_startup.o
SystemCoreClock                                   objdir-CWLITEARM/stm32f3_hal_lowlevel.o
SystemInit                                        objdir-CWLITEARM/stm32f3_startup.o
UART_CheckIdleState                               objdir-CWLITEARM/stm32f3_hal_lowlevel.o
UART_SetConfig                                    objdir-CWLITEARM/stm32f3_hal_lowlevel.o
UART_WaitOnFlagUntilTimeout                       objdir-CWLITEARM/stm32f3_hal_lowlevel.o
UartHandle                                        objdir-CWLITEARM/stm32f3_hal.o
UsageFault_Handler                                objdir-CWLITEARM/stm32f3_startup.o
__bss_end__                                       c:/users/mjzeec/chipwh~1/cw/home/portable/armgcc/bin/../lib/gcc/arm-none-eabi/10.2.1/../../../../arm-none-eabi/lib/thumb/v7e-m/nofp/crt0.o
__bss_start__                                     c:/users/mjzeec/chipwh~1/cw/home/portable/armgcc/bin/../lib/gcc/arm-none-eabi/10.2.1/../../../../arm-none-eabi/lib/thumb/v7e-m/nofp/crt0.o
__call_exitprocs                                  c:/users/mjzeec/chipwh~1/cw/home/portable/armgcc/bin/../lib/gcc/arm-none-eabi/10.2.1/../../../../arm-none-eabi/lib/thumb/v7e-m/nofp\libg_nano.a(lib_a-exit.o)
__deregister_frame_info                           c:/users/mjzeec/chipwh~1/cw/home/portable/armgcc/bin/../lib/gcc/arm-none-eabi/10.2.1/thumb/v7e-m/nofp/crtbegin.o
__dso_handle                                      c:/users/mjzeec/chipwh~1/cw/home/portable/armgcc/bin/../lib/gcc/arm-none-eabi/10.2.1/thumb/v7e-m/nofp/crtbegin.o
__errno                                           c:/users/mjzeec/chipwh~1/cw/home/portable/armgcc/bin/../lib/gcc/arm-none-eabi/10.2.1/../../../../arm-none-eabi/lib/thumb/v7e-m/nofp\libg_nano.a(lib_a-errno.o)
                                                  objdir-CWLITEARM/stm32f3_sysmem.o
__init_array_end                                  c:/users/mjzeec/chipwh~1/cw/home/portable/armgcc/bin/../lib/gcc/arm-none-eabi/10.2.1/../../../../arm-none-eabi/lib/thumb/v7e-m/nofp\libg_nano.a(lib_a-init.o)
__init_array_start                                c:/users/mjzeec/chipwh~1/cw/home/portable/armgcc/bin/../lib/gcc/arm-none-eabi/10.2.1/../../../../arm-none-eabi/lib/thumb/v7e-m/nofp\libg_nano.a(lib_a-init.o)
__libc_fini_array                                 c:/users/mjzeec/chipwh~1/cw/home/portable/armgcc/bin/../lib/gcc/arm-none-eabi/10.2.1/../../../../arm-none-eabi/lib/thumb/v7e-m/nofp/crt0.o
__libc_init_array                                 c:/users/mjzeec/chipwh~1/cw/home/portable/armgcc/bin/../lib/gcc/arm-none-eabi/10.2.1/../../../../arm-none-eabi/lib/thumb/v7e-m/nofp\libg_nano.a(lib_a-init.o)
                                                  objdir-CWLITEARM/stm32f3_startup.o
                                                  c:/users/mjzeec/chipwh~1/cw/home/portable/armgcc/bin/../lib/gcc/arm-none-eabi/10.2.1/../../../../arm-none-eabi/lib/thumb/v7e-m/nofp/crt0.o
__preinit_array_end                               c:/users/mjzeec/chipwh~1/cw/home/portable/armgcc/bin/../lib/gcc/arm-none-eabi/10.2.1/../../../../arm-none-eabi/lib/thumb/v7e-m/nofp\libg_nano.a(lib_a-init.o)
__preinit_array_start                             c:/users/mjzeec/chipwh~1/cw/home/portable/armgcc/bin/../lib/gcc/arm-none-eabi/10.2.1/../../../../arm-none-eabi/lib/thumb/v7e-m/nofp\libg_nano.a(lib_a-init.o)
__register_frame_info                             c:/users/mjzeec/chipwh~1/cw/home/portable/armgcc/bin/../lib/gcc/arm-none-eabi/10.2.1/thumb/v7e-m/nofp/crtbegin.o
__sf_fake_stderr                                  c:/users/mjzeec/chipwh~1/cw/home/portable/armgcc/bin/../lib/gcc/arm-none-eabi/10.2.1/../../../../arm-none-eabi/lib/thumb/v7e-m/nofp\libg_nano.a(lib_a-impure.o)
__sf_fake_stdin                                   c:/users/mjzeec/chipwh~1/cw/home/portable/armgcc/bin/../lib/gcc/arm-none-eabi/10.2.1/../../../../arm-none-eabi/lib/thumb/v7e-m/nofp\libg_nano.a(lib_a-impure.o)
__sf_fake_stdout                                  c:/users/mjzeec/chipwh~1/cw/home/portable/armgcc/bin/../lib/gcc/arm-none-eabi/10.2.1/../../../../arm-none-eabi/lib/thumb/v7e-m/nofp\libg_nano.a(lib_a-impure.o)
__stack                                           c:/users/mjzeec/chipwh~1/cw/home/portable/armgcc/bin/../lib/gcc/arm-none-eabi/10.2.1/../../../../arm-none-eabi/lib/thumb/v7e-m/nofp/crt0.o
_ebss                                             objdir-CWLITEARM/stm32f3_startup.o
_edata                                            objdir-CWLITEARM/stm32f3_startup.o
_estack                                           objdir-CWLITEARM/stm32f3_startup.o
_exit                                             c:/users/mjzeec/chipwh~1/cw/home/portable/armgcc/bin/../lib/gcc/arm-none-eabi/10.2.1/../../../../arm-none-eabi/lib/thumb/v7e-m/nofp\libnosys.a(_exit.o)
                                                  c:/users/mjzeec/chipwh~1/cw/home/portable/armgcc/bin/../lib/gcc/arm-none-eabi/10.2.1/../../../../arm-none-eabi/lib/thumb/v7e-m/nofp\libg_nano.a(lib_a-exit.o)
_fini                                             c:/users/mjzeec/chipwh~1/cw/home/portable/armgcc/bin/../lib/gcc/arm-none-eabi/10.2.1/thumb/v7e-m/nofp/crti.o
_global_impure_ptr                                c:/users/mjzeec/chipwh~1/cw/home/portable/armgcc/bin/../lib/gcc/arm-none-eabi/10.2.1/../../../../arm-none-eabi/lib/thumb/v7e-m/nofp\libg_nano.a(lib_a-impure.o)
                                                  c:/users/mjzeec/chipwh~1/cw/home/portable/armgcc/bin/../lib/gcc/arm-none-eabi/10.2.1/../../../../arm-none-eabi/lib/thumb/v7e-m/nofp\libg_nano.a(lib_a-exit.o)
_impure_ptr                                       c:/users/mjzeec/chipwh~1/cw/home/portable/armgcc/bin/../lib/gcc/arm-none-eabi/10.2.1/../../../../arm-none-eabi/lib/thumb/v7e-m/nofp\libg_nano.a(lib_a-impure.o)
                                                  c:/users/mjzeec/chipwh~1/cw/home/portable/armgcc/bin/../lib/gcc/arm-none-eabi/10.2.1/../../../../arm-none-eabi/lib/thumb/v7e-m/nofp\libg_nano.a(lib_a-errno.o)
_init                                             c:/users/mjzeec/chipwh~1/cw/home/portable/armgcc/bin/../lib/gcc/arm-none-eabi/10.2.1/thumb/v7e-m/nofp/crti.o
                                                  c:/users/mjzeec/chipwh~1/cw/home/portable/armgcc/bin/../lib/gcc/arm-none-eabi/10.2.1/../../../../arm-none-eabi/lib/thumb/v7e-m/nofp\libg_nano.a(lib_a-init.o)
_mainCRTStartup                                   c:/users/mjzeec/chipwh~1/cw/home/portable/armgcc/bin/../lib/gcc/arm-none-eabi/10.2.1/../../../../arm-none-eabi/lib/thumb/v7e-m/nofp/crt0.o
_sbrk                                             objdir-CWLITEARM/stm32f3_sysmem.o
_sbss                                             objdir-CWLITEARM/stm32f3_startup.o
_sdata                                            objdir-CWLITEARM/stm32f3_startup.o
_sidata                                           objdir-CWLITEARM/stm32f3_startup.o
_stack_init                                       c:/users/mjzeec/chipwh~1/cw/home/portable/armgcc/bin/../lib/gcc/arm-none-eabi/10.2.1/../../../../arm-none-eabi/lib/thumb/v7e-m/nofp/crt0.o
_start                                            c:/users/mjzeec/chipwh~1/cw/home/portable/armgcc/bin/../lib/gcc/arm-none-eabi/10.2.1/../../../../arm-none-eabi/lib/thumb/v7e-m/nofp/crt0.o
aes_indep_enc                                     objdir-CWLITEARM/aes-independant.o
                                                  objdir-CWLITEARM/simpleserial-aes.o
aes_indep_enc_posttrigger                         objdir-CWLITEARM/aes-independant.o
                                                  objdir-CWLITEARM/simpleserial-aes.o
aes_indep_enc_pretrigger                          objdir-CWLITEARM/aes-independant.o
                                                  objdir-CWLITEARM/simpleserial-aes.o
aes_indep_init                                    objdir-CWLITEARM/aes-independant.o
                                                  objdir-CWLITEARM/simpleserial-aes.o
aes_indep_key                                     objdir-CWLITEARM/aes-independant.o
                                                  objdir-CWLITEARM/simpleserial-aes.o
aes_indep_mask                                    objdir-CWLITEARM/aes-independant.o
                                                  objdir-CWLITEARM/simpleserial-aes.o
atexit                                            c:/users/mjzeec/chipwh~1/cw/home/portable/armgcc/bin/../lib/gcc/arm-none-eabi/10.2.1/../../../../arm-none-eabi/lib/thumb/v7e-m/nofp/crt0.o
change_err_led                                    objdir-CWLITEARM/stm32f3_hal.o
change_ok_led                                     objdir-CWLITEARM/stm32f3_hal.o
check_version                                     objdir-CWLITEARM/simpleserial.o
enc_multi_getpt                                   objdir-CWLITEARM/simpleserial-aes.o
enc_multi_setnum                                  objdir-CWLITEARM/simpleserial-aes.o
enckey                                            objdir-CWLITEARM/aes-independant.o
end                                               objdir-CWLITEARM/stm32f3_sysmem.o
exit                                              c:/users/mjzeec/chipwh~1/cw/home/portable/armgcc/bin/../lib/gcc/arm-none-eabi/10.2.1/../../../../arm-none-eabi/lib/thumb/v7e-m/nofp\libg_nano.a(lib_a-exit.o)
                                                  c:/users/mjzeec/chipwh~1/cw/home/portable/armgcc/bin/../lib/gcc/arm-none-eabi/10.2.1/../../../../arm-none-eabi/lib/thumb/v7e-m/nofp/crt0.o
g_pfnVectors                                      objdir-CWLITEARM/stm32f3_startup.o
get_key                                           objdir-CWLITEARM/simpleserial-aes.o
get_mask                                          objdir-CWLITEARM/simpleserial-aes.o
get_pt                                            objdir-CWLITEARM/simpleserial-aes.o
getch                                             objdir-CWLITEARM/stm32f3_hal.o
                                                  objdir-CWLITEARM/simpleserial.o
hal_sys_tick                                      objdir-CWLITEARM/stm32f3_hal_lowlevel.o
hardware_init_hook                                c:/users/mjzeec/chipwh~1/cw/home/portable/armgcc/bin/../lib/gcc/arm-none-eabi/10.2.1/../../../../arm-none-eabi/lib/thumb/v7e-m/nofp/crt0.o
hex_decode                                        objdir-CWLITEARM/simpleserial.o
init_uart                                         objdir-CWLITEARM/stm32f3_hal.o
                                                  objdir-CWLITEARM/simpleserial-aes.o
main                                              objdir-CWLITEARM/simpleserial-aes.o
                                                  objdir-CWLITEARM/stm32f3_startup.o
                                                  c:/users/mjzeec/chipwh~1/cw/home/portable/armgcc/bin/../lib/gcc/arm-none-eabi/10.2.1/../../../../arm-none-eabi/lib/thumb/v7e-m/nofp/crt0.o
memset                                            c:/users/mjzeec/chipwh~1/cw/home/portable/armgcc/bin/../lib/gcc/arm-none-eabi/10.2.1/../../../../arm-none-eabi/lib/thumb/v7e-m/nofp\libg_nano.a(lib_a-memset.o)
                                                  c:/users/mjzeec/chipwh~1/cw/home/portable/armgcc/bin/../lib/gcc/arm-none-eabi/10.2.1/../../../../arm-none-eabi/lib/thumb/v7e-m/nofp/crt0.o
platform_init                                     objdir-CWLITEARM/stm32f3_hal.o
                                                  objdir-CWLITEARM/simpleserial-aes.o
putch                                             objdir-CWLITEARM/stm32f3_hal.o
                                                  objdir-CWLITEARM/simpleserial.o
reset                                             objdir-CWLITEARM/simpleserial-aes.o
rsbox                                             objdir-CWLITEARM/aes.o
sbox                                              objdir-CWLITEARM/aes.o
simpleserial_addcmd                               objdir-CWLITEARM/simpleserial.o
                                                  objdir-CWLITEARM/simpleserial-aes.o
simpleserial_addcmd_flags                         objdir-CWLITEARM/simpleserial.o
                                                  objdir-CWLITEARM/simpleserial-aes.o
simpleserial_get                                  objdir-CWLITEARM/simpleserial.o
                                                  objdir-CWLITEARM/simpleserial-aes.o
simpleserial_init                                 objdir-CWLITEARM/simpleserial.o
                                                  objdir-CWLITEARM/simpleserial-aes.o
simpleserial_put                                  objdir-CWLITEARM/simpleserial.o
                                                  objdir-CWLITEARM/simpleserial-aes.o
software_init_hook                                c:/users/mjzeec/chipwh~1/cw/home/portable/armgcc/bin/../lib/gcc/arm-none-eabi/10.2.1/../../../../arm-none-eabi/lib/thumb/v7e-m/nofp/crt0.o
ss_crc                                            objdir-CWLITEARM/simpleserial.o
ss_get_commands                                   objdir-CWLITEARM/simpleserial.o
ss_num_commands                                   objdir-CWLITEARM/simpleserial.o
trigger_high                                      objdir-CWLITEARM/stm32f3_hal.o
                                                  objdir-CWLITEARM/simpleserial-aes.o
trigger_low                                       objdir-CWLITEARM/stm32f3_hal.o
                                                  objdir-CWLITEARM/simpleserial-aes.o
trigger_setup                                     objdir-CWLITEARM/stm32f3_hal.o
                                                  objdir-CWLITEARM/simpleserial-aes.o
uwTick                                            objdir-CWLITEARM/stm32f3_hal_lowlevel.o
